// Jest Snapshot v1, https://goo.gl/fbAQLP

exports[`App.vue matches snapshot 1`] = `[Function]`;

exports[`App.vue renders props.msg when passed 1`] = `[Function]`;
