// Jest Snapshot v1, https://goo.gl/fbAQLP

exports[`weather.vue matches spanpshot 1`] = `[Function]`;
